TRACE:notmain:about to enable
TRACE:notmain:MMU is on and working!
TRACE:notmain:asid 1 = got: 0x1
TRACE:notmain:MMU is off!
TRACE:notmain:phys addr1=0x2
TRACE:notmain:asid 2 = got: 0x2
TRACE:notmain:checking user2=0x3
TRACE:notmain:SUCCESS!
