TRACE:notmain:about to enable
TRACE:notmain:MMU is on and working!
TRACE:notmain:asid 1 = got: 0xdeadbeef
TRACE:notmain:MMU is off!
TRACE:notmain:phys addr1=0x1
TRACE:notmain:SUCCESS!
