TRACE:notmain:******************************************************
TRACE:notmain:1. test that the page table enabled dcaching correctly.
TRACE:notmain:******************************************************
TRACE:notmain:2. test that the page table enabled icaching correctly.
TRACE:notmain:******************************************************
TRACE:notmain:3. test that sync pte mods flushes the dcache.
TRACE:notmain:******************************************************
TRACE:notmain:4. test that mmu_on/off flushes the dcache.
TRACE:notmain:******************************************************
TRACE:notmain:5. about to test that disable dcache invalidates correctly
TRACE:notmain:******************************************************
TRACE:notmain:6. about to test sync_pte_mods invalides dcache correctly
TRACE:notmain:SUCCESS!
