TRACE:0: calling pi code
TRACE:1: GET32(0x20200004) = 0x643c9869
TRACE:2: PUT32(0x20200004) = 0x641c9869
TRACE: pi exited cleanly: 7 calls to random
