TRACE:0: calling pi code
TRACE:1: PUT32(0x2020001c) = 0x20000
TRACE:2: PUT32(0x20200028) = 0x20000
TRACE: pi exited cleanly: 7 calls to random
