TRACE:0: calling pi code
TRACE:1: PUT32(0x20200020) = 0x8000
TRACE:2: PUT32(0x2020002c) = 0x8000
TRACE: pi exited cleanly: 7 calls to random
