TRACE:0: calling pi code
TRACE:1: GET32(0x20200008) = 0x66334873
TRACE:2: PUT32(0x20200008) = 0x66334871
TRACE:3: GET32(0x20200008) = 0x66334871
TRACE:4: PUT32(0x20200008) = 0x66334841
TRACE:5: GET32(0x20200034) = 0x625558ec
TRACE:6: DEV_VAL32=0x0
TRACE:7: PUT32(0x20200028) = 0x100000
TRACE:8: GET32(0x20200034) = 0x238e1f29
TRACE:9: DEV_VAL32=0x0
TRACE:10: PUT32(0x20200028) = 0x100000
TRACE:11: GET32(0x20200034) = 0x46e87ccd
TRACE:12: DEV_VAL32=0x1
TRACE:13: PUT32(0x2020001c) = 0x100000
TRACE:14: GET32(0x20200034) = 0x3d1b58ba
TRACE:15: DEV_VAL32=0x0
TRACE:16: PUT32(0x20200028) = 0x100000
TRACE:17: GET32(0x20200034) = 0x507ed7ab
TRACE:18: DEV_VAL32=0x1
TRACE:19: PUT32(0x2020001c) = 0x100000
TRACE:20: GET32(0x20200034) = 0x2eb141f2
TRACE:21: DEV_VAL32=0x1
TRACE:22: PUT32(0x2020001c) = 0x100000
TRACE:23: GET32(0x20200034) = 0x41b71efb
TRACE:24: DEV_VAL32=0x1
TRACE:25: PUT32(0x2020001c) = 0x100000
TRACE:26: GET32(0x20200034) = 0x79e2a9e3
TRACE:27: DEV_VAL32=0x1
TRACE:28: PUT32(0x2020001c) = 0x100000
TRACE:29: GET32(0x20200034) = 0x7545e146
TRACE:30: DEV_VAL32=0x0
TRACE:31: PUT32(0x20200028) = 0x100000
TRACE:32: GET32(0x20200034) = 0x515f007c
TRACE:33: DEV_VAL32=0x0
TRACE:34: PUT32(0x20200028) = 0x100000
TRACE:35: GET32(0x20200034) = 0x5bd062c2
TRACE:36: DEV_VAL32=0x0
TRACE:37: PUT32(0x20200028) = 0x100000
TRACE:38: GET32(0x20200034) = 0x12200854
TRACE:39: DEV_VAL32=0x1
TRACE:40: PUT32(0x2020001c) = 0x100000
TRACE:41: GET32(0x20200034) = 0x4db127f8
TRACE:42: DEV_VAL32=0x1
TRACE:43: PUT32(0x2020001c) = 0x100000
TRACE:44: GET32(0x20200034) = 0x216231b
TRACE:45: DEV_VAL32=0x0
TRACE:46: PUT32(0x20200028) = 0x100000
TRACE:47: GET32(0x20200034) = 0x1f16e9e8
TRACE:48: DEV_VAL32=0x0
TRACE:49: PUT32(0x20200028) = 0x100000
TRACE:50: GET32(0x20200034) = 0x1190cde7
TRACE:51: DEV_VAL32=0x0
TRACE:52: PUT32(0x20200028) = 0x100000
TRACE:53: GET32(0x20200034) = 0x66ef438d
TRACE:54: DEV_VAL32=0x1
TRACE:55: PUT32(0x2020001c) = 0x100000
TRACE:56: GET32(0x20200034) = 0x140e0f76
TRACE:57: DEV_VAL32=0x0
TRACE:58: PUT32(0x20200028) = 0x100000
TRACE:59: GET32(0x20200034) = 0x3352255a
TRACE:60: DEV_VAL32=0x0
TRACE:61: PUT32(0x20200028) = 0x100000
TRACE:62: GET32(0x20200034) = 0x109cf92e
TRACE:63: DEV_VAL32=0x0
TRACE:64: PUT32(0x20200028) = 0x100000
TRACE:65: GET32(0x20200034) = 0xded7263
TRACE:66: DEV_VAL32=0x1
TRACE:67: PUT32(0x2020001c) = 0x100000
TRACE:68: GET32(0x20200034) = 0x7fdcc233
TRACE:69: DEV_VAL32=0x0
TRACE:70: PUT32(0x20200028) = 0x100000
TRACE:71: GET32(0x20200034) = 0x1befd79f
TRACE:72: DEV_VAL32=0x1
TRACE:73: PUT32(0x2020001c) = 0x100000
TRACE:74: GET32(0x20200034) = 0x41a7c4c9
TRACE:75: DEV_VAL32=0x1
TRACE:76: PUT32(0x2020001c) = 0x100000
TRACE:77: GET32(0x20200034) = 0x6b68079a
TRACE:78: DEV_VAL32=0x1
TRACE:79: PUT32(0x2020001c) = 0x100000
TRACE:80: GET32(0x20200034) = 0x4e6afb66
TRACE:81: DEV_VAL32=0x1
TRACE:82: PUT32(0x2020001c) = 0x100000
TRACE:83: GET32(0x20200034) = 0x25e45d32
TRACE:84: DEV_VAL32=0x1
TRACE:85: PUT32(0x2020001c) = 0x100000
TRACE:86: GET32(0x20200034) = 0x519b500d
TRACE:87: DEV_VAL32=0x0
TRACE:88: PUT32(0x20200028) = 0x100000
TRACE:89: GET32(0x20200034) = 0x431bd7b7
TRACE:90: DEV_VAL32=0x0
TRACE:91: PUT32(0x20200028) = 0x100000
TRACE:92: GET32(0x20200034) = 0x3f2dba31
TRACE:93: DEV_VAL32=0x1
TRACE:94: PUT32(0x2020001c) = 0x100000
TRACE:95: GET32(0x20200034) = 0x7c83e458
TRACE:96: DEV_VAL32=0x0
TRACE:97: PUT32(0x20200028) = 0x100000
TRACE:98: GET32(0x20200034) = 0x257130a3
TRACE:99: DEV_VAL32=0x1
TRACE:100: PUT32(0x2020001c) = 0x100000
TRACE:101: GET32(0x20200034) = 0x62bbd95a
TRACE:102: DEV_VAL32=0x1
TRACE:103: PUT32(0x2020001c) = 0x100000
TRACE:104: GET32(0x20200034) = 0x436c6125
TRACE:105: DEV_VAL32=0x1
TRACE:106: PUT32(0x2020001c) = 0x100000
TRACE:107: GET32(0x20200034) = 0x628c895d
TRACE:108: DEV_VAL32=0x0
TRACE:109: PUT32(0x20200028) = 0x100000
TRACE:110: GET32(0x20200034) = 0x333ab105
TRACE:111: DEV_VAL32=0x1
TRACE:112: PUT32(0x2020001c) = 0x100000
TRACE:113: GET32(0x20200034) = 0x721da317
TRACE:114: DEV_VAL32=0x0
TRACE:115: PUT32(0x20200028) = 0x100000
TRACE:116: GET32(0x20200034) = 0x2443a858
TRACE:117: DEV_VAL32=0x0
TRACE:118: PUT32(0x20200028) = 0x100000
TRACE:119: GET32(0x20200034) = 0x2d1d5ae9
TRACE:120: DEV_VAL32=0x0
TRACE:121: PUT32(0x20200028) = 0x100000
TRACE:122: GET32(0x20200034) = 0x6763845e
TRACE:123: DEV_VAL32=0x1
TRACE:124: PUT32(0x2020001c) = 0x100000
TRACE:125: GET32(0x20200034) = 0x75a2a8d4
TRACE:126: DEV_VAL32=0x1
TRACE:127: PUT32(0x2020001c) = 0x100000
TRACE:128: GET32(0x20200034) = 0x8edbdab
TRACE: exiting after 129 trace statements
TRACE: pi exited cleanly: 49 calls to random
