TRACE:GET32(0x0x20200008)=0x0x0
TRACE:PUT32(0x0x20200008)=0x0x1
