TRACE:GET32(0x0x20200034)=0x0xf00081ff
TRACE:GET32(0x0x20200034)=0x0xf00081ff
TRACE:GET32(0x0x20200008)=0x0x0
TRACE:PUT32(0x0x20200008)=0x0x1
TRACE:GET32(0x0x20200008)=0x0x1
TRACE:PUT32(0x0x20200008)=0x0x9
TRACE:GET32(0x0x20200008)=0x0x9
TRACE:PUT32(0x0x20200008)=0x0x49
TRACE:GET32(0x0x20200008)=0x0x49
TRACE:PUT32(0x0x20200008)=0x0x249
TRACE:GET32(0x0x20200008)=0x0x249
TRACE:PUT32(0x0x20200008)=0x0x1249
TRACE:GET32(0x0x20200008)=0x0x1249
TRACE:PUT32(0x0x20200008)=0x0x9249
TRACE:GET32(0x0x20200008)=0x0x9249
TRACE:PUT32(0x0x20200008)=0x0x49249
TRACE:GET32(0x0x20200008)=0x0x49249
TRACE:PUT32(0x0x20200008)=0x0x49248
TRACE:GET32(0x0x20200008)=0x0x49248
TRACE:PUT32(0x0x20200008)=0x0x49240
TRACE:GET32(0x0x20200008)=0x0x49240
TRACE:PUT32(0x0x20200008)=0x0x49200
TRACE:GET32(0x0x20200008)=0x0x49200
TRACE:PUT32(0x0x20200008)=0x0x49000
TRACE:GET32(0x0x20200008)=0x0x49000
TRACE:PUT32(0x0x20200008)=0x0x48000
TRACE:GET32(0x0x20200008)=0x0x48000
TRACE:PUT32(0x0x20200008)=0x0x40000
TRACE:GET32(0x0x20200008)=0x0x40000
TRACE:PUT32(0x0x20200008)=0x0x0
